// Jest Snapshot v1, https://goo.gl/fbAQLP

exports[`Onboarding renders and matches the snapshot 1`] = `
.c2 {
  color: #666687;
  width: 1rem;
  height: 1rem;
}

.c3 path {
  fill: #666687;
}

.c0 {
  position: fixed;
  bottom: 8px;
  right: 8px;
}

.c1 {
  width: 40px;
  height: 40px;
  background: #4945ff;
  box-shadow: 0px 1px 4px rgba(33,33,52,0.1);
  border-radius: 50%;
}

.c1 svg path {
  fill: #ffffff;
}

<aside
  class="c0"
>
  <button
    aria-label="Open help menu"
    class="c1"
    id="onboarding"
  >
    <div
      class="c2 c3"
      height="1rem"
      width="1rem"
    />
  </button>
</aside>
`;
